<html>
<body>
<pre>
<h1>µVision Build Log</h1>
<h2>Tool Versions:</h2>
IDE-Version: ¦ÌVision V5.12.0.0
Copyright (C) 2014 ARM Ltd and ARM Germany GmbH. All rights reserved.
License Information: BIN HU, HUBIN, LIC=----
 
Tool Versions:
Toolchain:       MDK-Lite  Version: 5.12.0.0
Toolchain Path:  D:\Keil_v5\ARM\ARMCC\Bin
C Compiler:      Armcc.exe V5.05 (build 41)
Assembler:       Armasm.exe V5.05 (build 41)
Linker/Locator:  ArmLink.exe V5.05 (build 41)
Library Manager: ArmAr.exe V5.05 (build 41)
Hex Converter:   FromElf.exe V5.05 (build 41)
CPU DLL:         SARMCM3.DLL V5.12.0.0
Dialog DLL:      DCM.DLL V1.13.0.0
    Target DLL: STLink\ST-LINKIII-KEIL_SWO.dll
Dialog DLL:      TCM.DLL V1.14.2.0
 
<h2>Project:</h2>
D:\workspace\uVision5\stm32f103-application\Lab3-BicycleStopwatch\MDK-ARM\Lab3-BicycleStopwatch.uvprojx
Project File Date:  06/06/2016

<h2>Output:</h2>
Build target 'Lab3-BicycleStopwatch'
compiling main.c...
../Src/main.c(164): warning:  #177-D: variable "state" was declared but never referenced
        GPIO_PinState state;
../Src/main.c: 1 warning, 0 errors
linking...
Program Size: Code=9276 RO-data=284 RW-data=32 ZI-data=1152  
"Lab3-BicycleStopwatch\Lab3-BicycleStopwatch.axf" - 0 Error(s), 1 Warning(s).

<h2>Software Packages used:</h2>

Package Vendor: ARM
                http://www.keil.com/pack/ARM.CMSIS.4.2.0.pack
                ARM::CMSIS:CORE:3.40.0
                CMSIS (Cortex Microcontroller Software Interface Standard)
   * Component: CORE Version: 3.40.0

<h2>Collection of Component include folders:</h2>
  D:\workspace\uVision5\stm32f103-application\Lab3-BicycleStopwatch\MDK-ARM\RTE
  D:\Keil_v5\ARM\PACK\ARM\CMSIS\4.2.0\CMSIS\Include
  D:\Keil_v5\ARM\PACK\Keil\STM32F1xx_DFP\2.1.0

<h2>Collection of Component Files used:</h2>

   * Component: ARM::CMSIS:CORE:3.40.0
      Source file:   CMSIS\UserCodeTemplates\ARM\ITM_Retarget.c
Load "Lab3-BicycleStopwatch\\Lab3-BicycleStopwatch.axf" 
Erase Done.
Programming Done.
Verify OK.
Application running ...
Load "Lab3-BicycleStopwatch\\Lab3-BicycleStopwatch.axf" 
Erase Done.
Programming Done.
Verify OK.
Application running ...
</pre>
</body>
</html>
