Component: ARM Compiler 5.05 (build 41) Tool: armlink [4d0eb9]

==============================================================================

Section Cross References

    app.o(.text) refers to stm32f10x_gpio.o(.text) for GPIO_WriteBit
    app.o(.text) refers to os_cpu_a.o(.text) for OS_CPU_SR_Save
    app.o(.text) refers to stm32f10x_rcc.o(.text) for RCC_DeInit
    app.o(.text) refers to os_core.o(.text) for OSTimeTick
    app.o(.text) refers to app.o(.data) for val
    app.o(.text) refers to os_core.o(.data) for OSIntNesting
    os_core.o(.text) refers to os_cpu_a.o(.text) for OS_CPU_SR_Save
    os_core.o(.text) refers to os_core.o(.data) for OSIntNesting
    os_core.o(.text) refers to os_core.o(.constdata) for OSUnMapTbl
    os_core.o(.text) refers to os_core.o(.bss) for OSTCBPrioTbl
    os_core.o(.text) refers to os_task.o(.text) for OSTaskStkChk
    os_core.o(.text) refers to os_time.o(.text) for OSTimeDly
    os_core.o(.text) refers to os_cpu_c.o(.text) for OSTaskStatHook
    os_core.o(.text) refers to os_flag.o(.text) for OS_FlagInit
    os_core.o(.text) refers to os_dbg.o(.text) for OSDebugInit
    os_flag.o(.text) refers to os_cpu_a.o(.text) for OS_CPU_SR_Save
    os_flag.o(.text) refers to os_core.o(.text) for OS_Sched
    os_flag.o(.text) refers to os_core.o(.data) for OSIntNesting
    os_flag.o(.text) refers to os_core.o(.bss) for OSFlagTbl
    os_mbox.o(.text) refers to os_cpu_a.o(.text) for OS_CPU_SR_Save
    os_mbox.o(.text) refers to os_core.o(.text) for OS_EventWaitListInit
    os_mbox.o(.text) refers to os_core.o(.data) for OSIntNesting
    os_sem.o(.text) refers to os_cpu_a.o(.text) for OS_CPU_SR_Save
    os_sem.o(.text) refers to os_core.o(.text) for OS_EventWaitListInit
    os_sem.o(.text) refers to os_core.o(.data) for OSIntNesting
    os_task.o(.text) refers to os_cpu_a.o(.text) for OS_CPU_SR_Save
    os_task.o(.text) refers to os_core.o(.text) for OS_Sched
    os_task.o(.text) refers to os_cpu_c.o(.text) for OSTaskStkInit
    os_task.o(.text) refers to os_flag.o(.text) for OS_FlagUnlink
    os_task.o(.text) refers to os_core.o(.bss) for OSTCBPrioTbl
    os_task.o(.text) refers to os_core.o(.data) for OSTCBCur
    os_time.o(.text) refers to os_cpu_a.o(.text) for OS_CPU_SR_Save
    os_time.o(.text) refers to os_core.o(.text) for OS_Sched
    os_time.o(.text) refers to os_core.o(.data) for OSIntNesting
    os_time.o(.text) refers to os_core.o(.bss) for OSTCBPrioTbl
    bsp.o(.text) refers to stm32f10x_rcc.o(.text) for RCC_GetClocksFreq
    cpu_c.o(.text) refers to cpu_a.o(.text) for CPU_SR_Save
    os_cpu_a.o(.text) refers to os_core.o(.data) for OSRunning
    os_cpu_a.o(.text) refers to os_cpu_c.o(.text) for OSTaskSwHook
    os_cpu_c.o(.text) refers to os_cpu_a.o(.text) for OS_CPU_SR_Save
    os_cpu_c.o(.text) refers to os_core.o(.text) for OSTimeTick
    os_cpu_c.o(.text) refers to bsp.o(.text) for OS_CPU_SysTickClkFreq
    os_cpu_c.o(.text) refers to os_core.o(.data) for OSIntNesting
    os_dbg.o(.text) refers to os_dbg.o(.constdata) for OSDebugEn
    stm32f10x_gpio.o(.text) refers to stm32f10x_rcc.o(.text) for RCC_APB2PeriphResetCmd
    stm32f10x_rcc.o(.text) refers to stm32f10x_rcc.o(.data) for APBAHBPrescTable
    startup_stm32f10x_md.o(STACK) refers (Special) to heapauxi.o(.text) for __use_two_region_memory
    startup_stm32f10x_md.o(HEAP) refers (Special) to heapauxi.o(.text) for __use_two_region_memory
    startup_stm32f10x_md.o(RESET) refers (Special) to heapauxi.o(.text) for __use_two_region_memory
    startup_stm32f10x_md.o(RESET) refers to startup_stm32f10x_md.o(STACK) for __initial_sp
    startup_stm32f10x_md.o(RESET) refers to startup_stm32f10x_md.o(.text) for Reset_Handler
    startup_stm32f10x_md.o(RESET) refers to app.o(.text) for SysTick_Handler
    startup_stm32f10x_md.o(.text) refers (Special) to heapauxi.o(.text) for __use_two_region_memory
    startup_stm32f10x_md.o(.text) refers to system_stm32f10x.o(.text) for SystemInit
    startup_stm32f10x_md.o(.text) refers to __main.o(!!!main) for __main
    startup_stm32f10x_md.o(.text) refers to startup_stm32f10x_md.o(HEAP) for Heap_Mem
    startup_stm32f10x_md.o(.text) refers to startup_stm32f10x_md.o(STACK) for Stack_Mem
    system_stm32f10x.o(.text) refers to system_stm32f10x.o(.data) for SystemCoreClock
    __main.o(!!!main) refers to __rtentry.o(.ARM.Collect$$rtentry$$00000000) for __rt_entry
    __rtentry.o(.ARM.Collect$$rtentry$$00000000) refers (Special) to __rtentry2.o(.ARM.Collect$$rtentry$$0000000A) for __rt_entry_li
    __rtentry.o(.ARM.Collect$$rtentry$$00000000) refers (Special) to __rtentry2.o(.ARM.Collect$$rtentry$$0000000D) for __rt_entry_main
    __rtentry.o(.ARM.Collect$$rtentry$$00000000) refers (Special) to __rtentry2.o(.ARM.Collect$$rtentry$$0000000C) for __rt_entry_postli_1
    __rtentry.o(.ARM.Collect$$rtentry$$00000000) refers (Special) to __rtentry2.o(.ARM.Collect$$rtentry$$00000009) for __rt_entry_postsh_1
    __rtentry.o(.ARM.Collect$$rtentry$$00000000) refers (Special) to __rtentry2.o(.ARM.Collect$$rtentry$$00000002) for __rt_entry_presh_1
    __rtentry.o(.ARM.Collect$$rtentry$$00000000) refers (Special) to __rtentry4.o(.ARM.Collect$$rtentry$$00000004) for __rt_entry_sh
    __rtentry2.o(.ARM.Collect$$rtentry$$00000008) refers to boardinit2.o(.text) for _platform_post_stackheap_init
    __rtentry2.o(.ARM.Collect$$rtentry$$0000000A) refers to libinit.o(.ARM.Collect$$libinit$$00000000) for __rt_lib_init
    __rtentry2.o(.ARM.Collect$$rtentry$$0000000B) refers to boardinit3.o(.text) for _platform_post_lib_init
    __rtentry2.o(.ARM.Collect$$rtentry$$0000000D) refers to app.o(.text) for main
    __rtentry2.o(.ARM.Collect$$rtentry$$0000000D) refers to exit.o(.text) for exit
    __rtentry2.o(.ARM.exidx) refers to __rtentry2.o(.ARM.Collect$$rtentry$$00000001) for .ARM.Collect$$rtentry$$00000001
    __rtentry2.o(.ARM.exidx) refers to __rtentry2.o(.ARM.Collect$$rtentry$$00000008) for .ARM.Collect$$rtentry$$00000008
    __rtentry2.o(.ARM.exidx) refers to __rtentry2.o(.ARM.Collect$$rtentry$$0000000A) for .ARM.Collect$$rtentry$$0000000A
    __rtentry2.o(.ARM.exidx) refers to __rtentry2.o(.ARM.Collect$$rtentry$$0000000B) for .ARM.Collect$$rtentry$$0000000B
    __rtentry2.o(.ARM.exidx) refers to __rtentry2.o(.ARM.Collect$$rtentry$$0000000D) for .ARM.Collect$$rtentry$$0000000D
    __rtentry4.o(.ARM.Collect$$rtentry$$00000004) refers to sys_stackheap_outer.o(.text) for __user_setup_stackheap
    __rtentry4.o(.ARM.exidx) refers to __rtentry4.o(.ARM.Collect$$rtentry$$00000004) for .ARM.Collect$$rtentry$$00000004
    sys_stackheap_outer.o(.text) refers to libspace.o(.text) for __user_perproc_libspace
    sys_stackheap_outer.o(.text) refers to startup_stm32f10x_md.o(.text) for __user_initial_stackheap
    exit.o(.text) refers to rtexit.o(.ARM.Collect$$rtexit$$00000000) for __rt_exit
    libinit.o(.ARM.Collect$$libinit$$00000000) refers (Special) to libinit2.o(.ARM.Collect$$libinit$$0000002E) for __rt_lib_init_alloca_1
    libinit.o(.ARM.Collect$$libinit$$00000000) refers (Special) to libinit2.o(.ARM.Collect$$libinit$$0000002C) for __rt_lib_init_argv_1
    libinit.o(.ARM.Collect$$libinit$$00000000) refers (Special) to libinit2.o(.ARM.Collect$$libinit$$0000001B) for __rt_lib_init_atexit_1
    libinit.o(.ARM.Collect$$libinit$$00000000) refers (Special) to libinit2.o(.ARM.Collect$$libinit$$00000021) for __rt_lib_init_clock_1
    libinit.o(.ARM.Collect$$libinit$$00000000) refers (Special) to libinit2.o(.ARM.Collect$$libinit$$00000032) for __rt_lib_init_cpp_1
    libinit.o(.ARM.Collect$$libinit$$00000000) refers (Special) to libinit2.o(.ARM.Collect$$libinit$$00000030) for __rt_lib_init_exceptions_1
    libinit.o(.ARM.Collect$$libinit$$00000000) refers (Special) to libinit2.o(.ARM.Collect$$libinit$$00000002) for __rt_lib_init_fp_1
    libinit.o(.ARM.Collect$$libinit$$00000000) refers (Special) to libinit2.o(.ARM.Collect$$libinit$$0000001F) for __rt_lib_init_fp_trap_1
    libinit.o(.ARM.Collect$$libinit$$00000000) refers (Special) to libinit2.o(.ARM.Collect$$libinit$$00000023) for __rt_lib_init_getenv_1
    libinit.o(.ARM.Collect$$libinit$$00000000) refers (Special) to libinit2.o(.ARM.Collect$$libinit$$0000000A) for __rt_lib_init_heap_1
    libinit.o(.ARM.Collect$$libinit$$00000000) refers (Special) to libinit2.o(.ARM.Collect$$libinit$$00000011) for __rt_lib_init_lc_collate_1
    libinit.o(.ARM.Collect$$libinit$$00000000) refers (Special) to libinit2.o(.ARM.Collect$$libinit$$00000013) for __rt_lib_init_lc_ctype_1
    libinit.o(.ARM.Collect$$libinit$$00000000) refers (Special) to libinit2.o(.ARM.Collect$$libinit$$00000015) for __rt_lib_init_lc_monetary_1
    libinit.o(.ARM.Collect$$libinit$$00000000) refers (Special) to libinit2.o(.ARM.Collect$$libinit$$00000017) for __rt_lib_init_lc_numeric_1
    libinit.o(.ARM.Collect$$libinit$$00000000) refers (Special) to libinit2.o(.ARM.Collect$$libinit$$00000019) for __rt_lib_init_lc_time_1
    libinit.o(.ARM.Collect$$libinit$$00000000) refers (Special) to libinit2.o(.ARM.Collect$$libinit$$00000004) for __rt_lib_init_preinit_1
    libinit.o(.ARM.Collect$$libinit$$00000000) refers (Special) to libinit2.o(.ARM.Collect$$libinit$$0000000E) for __rt_lib_init_rand_1
    libinit.o(.ARM.Collect$$libinit$$00000000) refers (Special) to libinit2.o(.ARM.Collect$$libinit$$00000033) for __rt_lib_init_return
    libinit.o(.ARM.Collect$$libinit$$00000000) refers (Special) to libinit2.o(.ARM.Collect$$libinit$$0000001D) for __rt_lib_init_signal_1
    libinit.o(.ARM.Collect$$libinit$$00000000) refers (Special) to libinit2.o(.ARM.Collect$$libinit$$00000025) for __rt_lib_init_stdio_1
    libinit.o(.ARM.Collect$$libinit$$00000000) refers (Special) to libinit2.o(.ARM.Collect$$libinit$$0000000C) for __rt_lib_init_user_alloc_1
    libspace.o(.text) refers to libspace.o(.bss) for __libspace_start
    rtexit.o(.ARM.Collect$$rtexit$$00000000) refers (Special) to rtexit2.o(.ARM.Collect$$rtexit$$00000004) for __rt_exit_exit
    rtexit.o(.ARM.Collect$$rtexit$$00000000) refers (Special) to rtexit2.o(.ARM.Collect$$rtexit$$00000003) for __rt_exit_ls
    rtexit.o(.ARM.Collect$$rtexit$$00000000) refers (Special) to rtexit2.o(.ARM.Collect$$rtexit$$00000002) for __rt_exit_prels_1
    rtexit.o(.ARM.exidx) refers (Special) to rtexit2.o(.ARM.Collect$$rtexit$$00000004) for __rt_exit_exit
    rtexit.o(.ARM.exidx) refers (Special) to rtexit2.o(.ARM.Collect$$rtexit$$00000003) for __rt_exit_ls
    rtexit.o(.ARM.exidx) refers (Special) to rtexit2.o(.ARM.Collect$$rtexit$$00000002) for __rt_exit_prels_1
    rtexit.o(.ARM.exidx) refers to rtexit.o(.ARM.Collect$$rtexit$$00000000) for .ARM.Collect$$rtexit$$00000000
    libinit2.o(.ARM.Collect$$libinit$$00000010) refers to libinit2.o(.ARM.Collect$$libinit$$0000000F) for .ARM.Collect$$libinit$$0000000F
    libinit2.o(.ARM.Collect$$libinit$$00000012) refers to libinit2.o(.ARM.Collect$$libinit$$0000000F) for .ARM.Collect$$libinit$$0000000F
    libinit2.o(.ARM.Collect$$libinit$$00000014) refers to libinit2.o(.ARM.Collect$$libinit$$0000000F) for .ARM.Collect$$libinit$$0000000F
    libinit2.o(.ARM.Collect$$libinit$$00000016) refers to libinit2.o(.ARM.Collect$$libinit$$0000000F) for .ARM.Collect$$libinit$$0000000F
    libinit2.o(.ARM.Collect$$libinit$$00000018) refers to libinit2.o(.ARM.Collect$$libinit$$0000000F) for .ARM.Collect$$libinit$$0000000F
    libinit2.o(.ARM.Collect$$libinit$$00000026) refers to argv_veneer.o(.emb_text) for __ARM_argv_veneer
    libinit2.o(.ARM.Collect$$libinit$$00000027) refers to argv_veneer.o(.emb_text) for __ARM_argv_veneer
    rtexit2.o(.ARM.Collect$$rtexit$$00000003) refers to libshutdown.o(.ARM.Collect$$libshutdown$$00000000) for __rt_lib_shutdown
    rtexit2.o(.ARM.Collect$$rtexit$$00000004) refers to sys_exit.o(.text) for _sys_exit
    rtexit2.o(.ARM.exidx) refers to rtexit2.o(.ARM.Collect$$rtexit$$00000001) for .ARM.Collect$$rtexit$$00000001
    rtexit2.o(.ARM.exidx) refers to rtexit2.o(.ARM.Collect$$rtexit$$00000003) for .ARM.Collect$$rtexit$$00000003
    rtexit2.o(.ARM.exidx) refers to rtexit2.o(.ARM.Collect$$rtexit$$00000004) for .ARM.Collect$$rtexit$$00000004
    argv_veneer.o(.emb_text) refers to no_argv.o(.text) for __ARM_get_argv
    sys_exit.o(.text) refers (Special) to use_no_semi.o(.text) for __I$use$semihosting
    sys_exit.o(.text) refers (Special) to indicate_semi.o(.text) for __semihosting_library_function
    _get_argv_nomalloc.o(.text) refers (Special) to hrguard.o(.text) for __heap_region$guard
    _get_argv_nomalloc.o(.text) refers to defsig_rtmem_outer.o(.text) for __rt_SIGRTMEM
    _get_argv_nomalloc.o(.text) refers to sys_command.o(.text) for _sys_command_string
    libshutdown.o(.ARM.Collect$$libshutdown$$00000000) refers (Special) to libshutdown2.o(.ARM.Collect$$libshutdown$$00000006) for __rt_lib_shutdown_fp_trap_1
    libshutdown.o(.ARM.Collect$$libshutdown$$00000000) refers (Special) to libshutdown2.o(.ARM.Collect$$libshutdown$$0000000E) for __rt_lib_shutdown_heap_1
    libshutdown.o(.ARM.Collect$$libshutdown$$00000000) refers (Special) to libshutdown2.o(.ARM.Collect$$libshutdown$$0000000F) for __rt_lib_shutdown_return
    libshutdown.o(.ARM.Collect$$libshutdown$$00000000) refers (Special) to libshutdown2.o(.ARM.Collect$$libshutdown$$00000009) for __rt_lib_shutdown_signal_1
    libshutdown.o(.ARM.Collect$$libshutdown$$00000000) refers (Special) to libshutdown2.o(.ARM.Collect$$libshutdown$$00000003) for __rt_lib_shutdown_stdio_1
    libshutdown.o(.ARM.Collect$$libshutdown$$00000000) refers (Special) to libshutdown2.o(.ARM.Collect$$libshutdown$$0000000B) for __rt_lib_shutdown_user_alloc_1
    sys_command.o(.text) refers (Special) to use_no_semi.o(.text) for __I$use$semihosting
    sys_command.o(.text) refers (Special) to indicate_semi.o(.text) for __semihosting_library_function
    defsig_rtmem_outer.o(.text) refers to defsig_rtmem_inner.o(.text) for __rt_SIGRTMEM_inner
    defsig_rtmem_outer.o(.text) refers to defsig_exit.o(.text) for __sig_exit
    defsig_rtmem_formal.o(.text) refers to rt_raise.o(.text) for __rt_raise
    rt_raise.o(.text) refers to __raise.o(.text) for __raise
    rt_raise.o(.text) refers to sys_exit.o(.text) for _sys_exit
    defsig_exit.o(.text) refers to sys_exit.o(.text) for _sys_exit
    defsig_rtmem_inner.o(.text) refers to defsig_general.o(.text) for __default_signal_display
    __raise.o(.text) refers to defsig.o(CL$$defsig) for __default_signal_handler
    defsig_general.o(.text) refers to sys_wrch.o(.text) for _ttywrch
    sys_wrch.o(.text) refers (Special) to use_no_semi.o(.text) for __I$use$semihosting
    sys_wrch.o(.text) refers (Special) to indicate_semi.o(.text) for __semihosting_library_function
    defsig.o(CL$$defsig) refers to defsig_rtmem_inner.o(.text) for __rt_SIGRTMEM_inner
    defsig_abrt_inner.o(.text) refers to defsig_general.o(.text) for __default_signal_display
    defsig_fpe_inner.o(.text) refers to defsig_general.o(.text) for __default_signal_display
    defsig_rtred_inner.o(.text) refers to defsig_general.o(.text) for __default_signal_display
    defsig_stak_inner.o(.text) refers to defsig_general.o(.text) for __default_signal_display
    defsig_pvfn_inner.o(.text) refers to defsig_general.o(.text) for __default_signal_display
    defsig_cppl_inner.o(.text) refers to defsig_general.o(.text) for __default_signal_display
    defsig_segv_inner.o(.text) refers to defsig_general.o(.text) for __default_signal_display
    defsig_other.o(.text) refers to defsig_general.o(.text) for __default_signal_display


==============================================================================

Removing Unused input sections from the image.

    Removing app.o(.rev16_text), (4 bytes).
    Removing app.o(.revsh_text), (4 bytes).
    Removing app.o(.rrx_text), (6 bytes).
    Removing app.o(.bss), (1200 bytes).
    Removing os_mbox.o(.text), (1012 bytes).
    Removing os_sem.o(.text), (960 bytes).
    Removing bsp.o(.rev16_text), (4 bytes).
    Removing bsp.o(.revsh_text), (4 bytes).
    Removing bsp.o(.rrx_text), (6 bytes).
    Removing cpu_a.o(.text), (42 bytes).
    Removing cpu_c.o(.text), (1336 bytes).
    Removing misc.o(.rev16_text), (4 bytes).
    Removing misc.o(.revsh_text), (4 bytes).
    Removing misc.o(.rrx_text), (6 bytes).
    Removing misc.o(.text), (220 bytes).
    Removing stm32f10x_gpio.o(.rev16_text), (4 bytes).
    Removing stm32f10x_gpio.o(.revsh_text), (4 bytes).
    Removing stm32f10x_gpio.o(.rrx_text), (6 bytes).
    Removing stm32f10x_rcc.o(.rev16_text), (4 bytes).
    Removing stm32f10x_rcc.o(.revsh_text), (4 bytes).
    Removing stm32f10x_rcc.o(.rrx_text), (6 bytes).
    Removing system_stm32f10x.o(.rev16_text), (4 bytes).
    Removing system_stm32f10x.o(.revsh_text), (4 bytes).
    Removing system_stm32f10x.o(.rrx_text), (6 bytes).

24 unused section(s) (total 4854 bytes) removed from the image.

==============================================================================

Image Symbol Table

    Local Symbols

    Symbol Name                              Value     Ov Type        Size  Object(Section)

    ../clib/angel/boardlib.s                 0x00000000   Number         0  boardshut.o ABSOLUTE
    ../clib/angel/boardlib.s                 0x00000000   Number         0  boardinit3.o ABSOLUTE
    ../clib/angel/boardlib.s                 0x00000000   Number         0  boardinit2.o ABSOLUTE
    ../clib/angel/boardlib.s                 0x00000000   Number         0  boardinit1.o ABSOLUTE
    ../clib/angel/handlers.s                 0x00000000   Number         0  __scatter_zi.o ABSOLUTE
    ../clib/angel/handlers.s                 0x00000000   Number         0  __scatter_copy.o ABSOLUTE
    ../clib/angel/kernel.s                   0x00000000   Number         0  rtexit.o ABSOLUTE
    ../clib/angel/kernel.s                   0x00000000   Number         0  __rtentry4.o ABSOLUTE
    ../clib/angel/kernel.s                   0x00000000   Number         0  __rtentry.o ABSOLUTE
    ../clib/angel/kernel.s                   0x00000000   Number         0  rtexit2.o ABSOLUTE
    ../clib/angel/kernel.s                   0x00000000   Number         0  __rtentry2.o ABSOLUTE
    ../clib/angel/rt.s                       0x00000000   Number         0  rt_raise.o ABSOLUTE
    ../clib/angel/scatter.s                  0x00000000   Number         0  __scatter.o ABSOLUTE
    ../clib/angel/startup.s                  0x00000000   Number         0  __main.o ABSOLUTE
    ../clib/angel/sys.s                      0x00000000   Number         0  sys_stackheap_outer.o ABSOLUTE
    ../clib/angel/sys.s                      0x00000000   Number         0  indicate_semi.o ABSOLUTE
    ../clib/angel/sys.s                      0x00000000   Number         0  use_no_semi.o ABSOLUTE
    ../clib/angel/sys.s                      0x00000000   Number         0  libspace.o ABSOLUTE
    ../clib/angel/sysapp.c                   0x00000000   Number         0  sys_exit.o ABSOLUTE
    ../clib/angel/sysapp.c                   0x00000000   Number         0  sys_wrch.o ABSOLUTE
    ../clib/angel/sysapp.c                   0x00000000   Number         0  sys_command.o ABSOLUTE
    ../clib/armsys.c                         0x00000000   Number         0  _get_argv_nomalloc.o ABSOLUTE
    ../clib/armsys.c                         0x00000000   Number         0  no_argv.o ABSOLUTE
    ../clib/armsys.c                         0x00000000   Number         0  argv_veneer.o ABSOLUTE
    ../clib/armsys.c                         0x00000000   Number         0  argv_veneer.o ABSOLUTE
    ../clib/heapalloc.c                      0x00000000   Number         0  hrguard.o ABSOLUTE
    ../clib/heapaux.c                        0x00000000   Number         0  heapauxi.o ABSOLUTE
    ../clib/libinit.s                        0x00000000   Number         0  libinit2.o ABSOLUTE
    ../clib/libinit.s                        0x00000000   Number         0  libshutdown.o ABSOLUTE
    ../clib/libinit.s                        0x00000000   Number         0  libshutdown2.o ABSOLUTE
    ../clib/libinit.s                        0x00000000   Number         0  libinit.o ABSOLUTE
    ../clib/signal.c                         0x00000000   Number         0  defsig_other.o ABSOLUTE
    ../clib/signal.c                         0x00000000   Number         0  defsig_general.o ABSOLUTE
    ../clib/signal.c                         0x00000000   Number         0  defsig_rtmem_outer.o ABSOLUTE
    ../clib/signal.c                         0x00000000   Number         0  defsig_abrt_inner.o ABSOLUTE
    ../clib/signal.c                         0x00000000   Number         0  defsig_fpe_inner.o ABSOLUTE
    ../clib/signal.c                         0x00000000   Number         0  __raise.o ABSOLUTE
    ../clib/signal.c                         0x00000000   Number         0  defsig_rtred_inner.o ABSOLUTE
    ../clib/signal.c                         0x00000000   Number         0  defsig_rtmem_formal.o ABSOLUTE
    ../clib/signal.c                         0x00000000   Number         0  defsig_rtmem_inner.o ABSOLUTE
    ../clib/signal.c                         0x00000000   Number         0  defsig_stak_inner.o ABSOLUTE
    ../clib/signal.c                         0x00000000   Number         0  defsig_pvfn_inner.o ABSOLUTE
    ../clib/signal.c                         0x00000000   Number         0  defsig_cppl_inner.o ABSOLUTE
    ../clib/signal.c                         0x00000000   Number         0  defsig_segv_inner.o ABSOLUTE
    ../clib/signal.c                         0x00000000   Number         0  defsig_exit.o ABSOLUTE
    ../clib/signal.s                         0x00000000   Number         0  defsig.o ABSOLUTE
    ../clib/stdlib.c                         0x00000000   Number         0  exit.o ABSOLUTE
    ../fplib/fpinit.s                        0x00000000   Number         0  fpinit.o ABSOLUTE
    APP\\app.c                               0x00000000   Number         0  app.o ABSOLUTE
    APP\app.c                                0x00000000   Number         0  app.o ABSOLUTE
    BSP\\bsp.c                               0x00000000   Number         0  bsp.o ABSOLUTE
    BSP\bsp.c                                0x00000000   Number         0  bsp.o ABSOLUTE
    CPU\cpu_a.asm                            0x00000000   Number         0  cpu_a.o ABSOLUTE
    CPU\cpu_c.c                              0x00000000   Number         0  cpu_c.o ABSOLUTE
    CPU\os_cpu_a.asm                         0x00000000   Number         0  os_cpu_a.o ABSOLUTE
    CPU\os_cpu_c.c                           0x00000000   Number         0  os_cpu_c.o ABSOLUTE
    CPU\os_dbg.c                             0x00000000   Number         0  os_dbg.o ABSOLUTE
    D:\Keil_v5\ARM\PACK\Keil\STM32F1xx_DFP\2.1.0\Device\StdPeriph_Driver\src\misc.c 0x00000000   Number         0  misc.o ABSOLUTE
    D:\Keil_v5\ARM\PACK\Keil\STM32F1xx_DFP\2.1.0\Device\StdPeriph_Driver\src\stm32f10x_gpio.c 0x00000000   Number         0  stm32f10x_gpio.o ABSOLUTE
    D:\Keil_v5\ARM\PACK\Keil\STM32F1xx_DFP\2.1.0\Device\StdPeriph_Driver\src\stm32f10x_rcc.c 0x00000000   Number         0  stm32f10x_rcc.o ABSOLUTE
    D:\\Keil_v5\\ARM\\PACK\\Keil\\STM32F1xx_DFP\\2.1.0\\Device\\StdPeriph_Driver\\src\\misc.c 0x00000000   Number         0  misc.o ABSOLUTE
    D:\\Keil_v5\\ARM\\PACK\\Keil\\STM32F1xx_DFP\\2.1.0\\Device\\StdPeriph_Driver\\src\\stm32f10x_gpio.c 0x00000000   Number         0  stm32f10x_gpio.o ABSOLUTE
    D:\\Keil_v5\\ARM\\PACK\\Keil\\STM32F1xx_DFP\\2.1.0\\Device\\StdPeriph_Driver\\src\\stm32f10x_rcc.c 0x00000000   Number         0  stm32f10x_rcc.o ABSOLUTE
    RTE\Device\STM32F103C8\startup_stm32f10x_md.s 0x00000000   Number         0  startup_stm32f10x_md.o ABSOLUTE
    RTE\Device\STM32F103C8\system_stm32f10x.c 0x00000000   Number         0  system_stm32f10x.o ABSOLUTE
    RTE\\Device\\STM32F103C8\\system_stm32f10x.c 0x00000000   Number         0  system_stm32f10x.o ABSOLUTE
    UCOS\os_core.c                           0x00000000   Number         0  os_core.o ABSOLUTE
    UCOS\os_flag.c                           0x00000000   Number         0  os_flag.o ABSOLUTE
    UCOS\os_mbox.c                           0x00000000   Number         0  os_mbox.o ABSOLUTE
    UCOS\os_mem.c                            0x00000000   Number         0  os_mem.o ABSOLUTE
    UCOS\os_mutex.c                          0x00000000   Number         0  os_mutex.o ABSOLUTE
    UCOS\os_q.c                              0x00000000   Number         0  os_q.o ABSOLUTE
    UCOS\os_sem.c                            0x00000000   Number         0  os_sem.o ABSOLUTE
    UCOS\os_task.c                           0x00000000   Number         0  os_task.o ABSOLUTE
    UCOS\os_time.c                           0x00000000   Number         0  os_time.o ABSOLUTE
    UCOS\os_tmr.c                            0x00000000   Number         0  os_tmr.o ABSOLUTE
    dc.s                                     0x00000000   Number         0  dc.o ABSOLUTE
    RESET                                    0x08000000   Section      236  startup_stm32f10x_md.o(RESET)
    !!!main                                  0x080000ec   Section        8  __main.o(!!!main)
    !!!scatter                               0x080000f4   Section       52  __scatter.o(!!!scatter)
    !!handler_copy                           0x08000128   Section       26  __scatter_copy.o(!!handler_copy)
    !!handler_zi                             0x08000144   Section       28  __scatter_zi.o(!!handler_zi)
    .ARM.Collect$$libinit$$00000000          0x08000160   Section        2  libinit.o(.ARM.Collect$$libinit$$00000000)
    .ARM.Collect$$libinit$$00000002          0x08000162   Section        0  libinit2.o(.ARM.Collect$$libinit$$00000002)
    .ARM.Collect$$libinit$$00000004          0x08000162   Section        0  libinit2.o(.ARM.Collect$$libinit$$00000004)
    .ARM.Collect$$libinit$$0000000A          0x08000162   Section        0  libinit2.o(.ARM.Collect$$libinit$$0000000A)
    .ARM.Collect$$libinit$$0000000C          0x08000162   Section        0  libinit2.o(.ARM.Collect$$libinit$$0000000C)
    .ARM.Collect$$libinit$$0000000E          0x08000162   Section        0  libinit2.o(.ARM.Collect$$libinit$$0000000E)
    .ARM.Collect$$libinit$$00000011          0x08000162   Section        0  libinit2.o(.ARM.Collect$$libinit$$00000011)
    .ARM.Collect$$libinit$$00000013          0x08000162   Section        0  libinit2.o(.ARM.Collect$$libinit$$00000013)
    .ARM.Collect$$libinit$$00000015          0x08000162   Section        0  libinit2.o(.ARM.Collect$$libinit$$00000015)
    .ARM.Collect$$libinit$$00000017          0x08000162   Section        0  libinit2.o(.ARM.Collect$$libinit$$00000017)
    .ARM.Collect$$libinit$$00000019          0x08000162   Section        0  libinit2.o(.ARM.Collect$$libinit$$00000019)
    .ARM.Collect$$libinit$$0000001B          0x08000162   Section        0  libinit2.o(.ARM.Collect$$libinit$$0000001B)
    .ARM.Collect$$libinit$$0000001D          0x08000162   Section        0  libinit2.o(.ARM.Collect$$libinit$$0000001D)
    .ARM.Collect$$libinit$$0000001F          0x08000162   Section        0  libinit2.o(.ARM.Collect$$libinit$$0000001F)
    .ARM.Collect$$libinit$$00000021          0x08000162   Section        0  libinit2.o(.ARM.Collect$$libinit$$00000021)
    .ARM.Collect$$libinit$$00000023          0x08000162   Section        0  libinit2.o(.ARM.Collect$$libinit$$00000023)
    .ARM.Collect$$libinit$$00000025          0x08000162   Section        0  libinit2.o(.ARM.Collect$$libinit$$00000025)
    .ARM.Collect$$libinit$$0000002C          0x08000162   Section        0  libinit2.o(.ARM.Collect$$libinit$$0000002C)
    .ARM.Collect$$libinit$$0000002E          0x08000162   Section        0  libinit2.o(.ARM.Collect$$libinit$$0000002E)
    .ARM.Collect$$libinit$$00000030          0x08000162   Section        0  libinit2.o(.ARM.Collect$$libinit$$00000030)
    .ARM.Collect$$libinit$$00000032          0x08000162   Section        0  libinit2.o(.ARM.Collect$$libinit$$00000032)
    .ARM.Collect$$libinit$$00000033          0x08000162   Section        2  libinit2.o(.ARM.Collect$$libinit$$00000033)
    .ARM.Collect$$libshutdown$$00000000      0x08000164   Section        2  libshutdown.o(.ARM.Collect$$libshutdown$$00000000)
    .ARM.Collect$$libshutdown$$00000003      0x08000166   Section        0  libshutdown2.o(.ARM.Collect$$libshutdown$$00000003)
    .ARM.Collect$$libshutdown$$00000006      0x08000166   Section        0  libshutdown2.o(.ARM.Collect$$libshutdown$$00000006)
    .ARM.Collect$$libshutdown$$00000009      0x08000166   Section        0  libshutdown2.o(.ARM.Collect$$libshutdown$$00000009)
    .ARM.Collect$$libshutdown$$0000000B      0x08000166   Section        0  libshutdown2.o(.ARM.Collect$$libshutdown$$0000000B)
    .ARM.Collect$$libshutdown$$0000000E      0x08000166   Section        0  libshutdown2.o(.ARM.Collect$$libshutdown$$0000000E)
    .ARM.Collect$$libshutdown$$0000000F      0x08000166   Section        2  libshutdown2.o(.ARM.Collect$$libshutdown$$0000000F)
    .ARM.Collect$$rtentry$$00000000          0x08000168   Section        0  __rtentry.o(.ARM.Collect$$rtentry$$00000000)
    .ARM.Collect$$rtentry$$00000002          0x08000168   Section        0  __rtentry2.o(.ARM.Collect$$rtentry$$00000002)
    .ARM.Collect$$rtentry$$00000004          0x08000168   Section        6  __rtentry4.o(.ARM.Collect$$rtentry$$00000004)
    .ARM.Collect$$rtentry$$00000009          0x0800016e   Section        0  __rtentry2.o(.ARM.Collect$$rtentry$$00000009)
    .ARM.Collect$$rtentry$$0000000A          0x0800016e   Section        4  __rtentry2.o(.ARM.Collect$$rtentry$$0000000A)
    .ARM.Collect$$rtentry$$0000000C          0x08000172   Section        0  __rtentry2.o(.ARM.Collect$$rtentry$$0000000C)
    .ARM.Collect$$rtentry$$0000000D          0x08000172   Section        8  __rtentry2.o(.ARM.Collect$$rtentry$$0000000D)
    .ARM.Collect$$rtexit$$00000000           0x0800017a   Section        2  rtexit.o(.ARM.Collect$$rtexit$$00000000)
    .ARM.Collect$$rtexit$$00000002           0x0800017c   Section        0  rtexit2.o(.ARM.Collect$$rtexit$$00000002)
    .ARM.Collect$$rtexit$$00000003           0x0800017c   Section        4  rtexit2.o(.ARM.Collect$$rtexit$$00000003)
    .ARM.Collect$$rtexit$$00000004           0x08000180   Section        6  rtexit2.o(.ARM.Collect$$rtexit$$00000004)
    .text                                    0x08000188   Section        0  app.o(.text)
    .text                                    0x080005c4   Section        0  os_core.o(.text)
    OS_SchedNew                              0x0800070b   Thumb Code    26  os_core.o(.text)
    OS_InitTaskStat                          0x08000b25   Thumb Code    52  os_core.o(.text)
    OS_InitTaskIdle                          0x08000b79   Thumb Code    52  os_core.o(.text)
    OS_InitEventList                         0x08000bbf   Thumb Code    70  os_core.o(.text)
    OS_InitTCBList                           0x08000c05   Thumb Code    86  os_core.o(.text)
    OS_InitRdyList                           0x08000c5b   Thumb Code    46  os_core.o(.text)
    OS_InitMisc                              0x08000c89   Thumb Code    44  os_core.o(.text)
    .text                                    0x08001260   Section        0  os_flag.o(.text)
    OS_FlagTaskRdy                           0x080013dd   Thumb Code    82  os_flag.o(.text)
    OS_FlagBlock                             0x080015c7   Thumb Code   152  os_flag.o(.text)
    .text                                    0x08001a98   Section        0  os_task.o(.text)
    .text                                    0x08002264   Section        0  os_time.o(.text)
    .text                                    0x08002420   Section        0  bsp.o(.text)
    .text                                    0x0800243c   Section      164  os_cpu_a.o(.text)
    .text                                    0x080024e0   Section        0  os_cpu_c.o(.text)
    .text                                    0x080025e0   Section        0  os_dbg.o(.text)
    .text                                    0x080026f4   Section        0  stm32f10x_gpio.o(.text)
    .text                                    0x08002a50   Section        0  stm32f10x_rcc.o(.text)
    .text                                    0x08002df4   Section       64  startup_stm32f10x_md.o(.text)
    .text                                    0x08002e34   Section        0  system_stm32f10x.o(.text)
    SetSysClockTo72                          0x08002e35   Thumb Code   214  system_stm32f10x.o(.text)
    SetSysClock                              0x08002f0b   Thumb Code     8  system_stm32f10x.o(.text)
    .text                                    0x08003014   Section        0  heapauxi.o(.text)
    .text                                    0x0800301a   Section       74  sys_stackheap_outer.o(.text)
    .text                                    0x08003064   Section        0  exit.o(.text)
    .text                                    0x08003070   Section        8  libspace.o(.text)
    .text                                    0x08003078   Section        0  sys_exit.o(.text)
    .text                                    0x08003084   Section        2  use_no_semi.o(.text)
    .constdata                               0x08003086   Section      256  os_core.o(.constdata)
    .text                                    0x08003086   Section        0  indicate_semi.o(.text)
    .constdata                               0x08003188   Section       94  os_dbg.o(.constdata)
    .data                                    0x20000000   Section       16  app.o(.data)
    index                                    0x2000000c   Data           4  app.o(.data)
    .data                                    0x20000010   Section       64  os_core.o(.data)
    .data                                    0x20000050   Section       20  stm32f10x_rcc.o(.data)
    APBAHBPrescTable                         0x20000050   Data          16  stm32f10x_rcc.o(.data)
    ADCPrescTable                            0x20000060   Data           4  stm32f10x_rcc.o(.data)
    .data                                    0x20000064   Section       20  system_stm32f10x.o(.data)
    .bss                                     0x20000078   Section     3636  os_core.o(.bss)
    .bss                                     0x20000eac   Section       96  libspace.o(.bss)
    HEAP                                     0x20000f10   Section      512  startup_stm32f10x_md.o(HEAP)
    Heap_Mem                                 0x20000f10   Data         512  startup_stm32f10x_md.o(HEAP)
    STACK                                    0x20001110   Section     1024  startup_stm32f10x_md.o(STACK)
    Stack_Mem                                0x20001110   Data        1024  startup_stm32f10x_md.o(STACK)
    __initial_sp                             0x20001510   Data           0  startup_stm32f10x_md.o(STACK)

    Global Symbols

    Symbol Name                              Value     Ov Type        Size  Object(Section)

    BuildAttributes$$THM_ISAv4$P$D$K$B$S$PE$A:L22UL41UL21$X:L11$S22US41US21$IEEE1$IW$USESV6$~STKCKD$USESV7$~SHL$OSPACE$ROPI$EBA8$UX$STANDARDLIB$REQ8$PRES8$EABIv2 0x00000000   Number         0  anon$$obj.o ABSOLUTE
    __ARM_use_no_argv                        0x00000000   Number         0  app.o ABSOLUTE
    __ARM_exceptions_init                     - Undefined Weak Reference
    __alloca_initialize                       - Undefined Weak Reference
    __arm_preinit_                            - Undefined Weak Reference
    __cpp_initialize__aeabi_                  - Undefined Weak Reference
    __cxa_finalize                            - Undefined Weak Reference
    __rt_locale                               - Undefined Weak Reference
    __sigvec_lookup                           - Undefined Weak Reference
    _atexit_init                              - Undefined Weak Reference
    _call_atexit_fns                          - Undefined Weak Reference
    _clock_init                               - Undefined Weak Reference
    _fp_trap_init                             - Undefined Weak Reference
    _fp_trap_shutdown                         - Undefined Weak Reference
    _get_lc_collate                           - Undefined Weak Reference
    _get_lc_ctype                             - Undefined Weak Reference
    _get_lc_monetary                          - Undefined Weak Reference
    _get_lc_numeric                           - Undefined Weak Reference
    _get_lc_time                              - Undefined Weak Reference
    _getenv_init                              - Undefined Weak Reference
    _handle_redirection                       - Undefined Weak Reference
    _init_alloc                               - Undefined Weak Reference
    _init_user_alloc                          - Undefined Weak Reference
    _initio                                   - Undefined Weak Reference
    _rand_init                                - Undefined Weak Reference
    _signal_finish                            - Undefined Weak Reference
    _signal_init                              - Undefined Weak Reference
    _terminate_alloc                          - Undefined Weak Reference
    _terminate_user_alloc                     - Undefined Weak Reference
    _terminateio                              - Undefined Weak Reference
    __Vectors_Size                           0x000000ec   Number         0  startup_stm32f10x_md.o ABSOLUTE
    __Vectors                                0x08000000   Data           4  startup_stm32f10x_md.o(RESET)
    __Vectors_End                            0x080000ec   Data           0  startup_stm32f10x_md.o(RESET)
    __main                                   0x080000ed   Thumb Code     8  __main.o(!!!main)
    __scatterload                            0x080000f5   Thumb Code     0  __scatter.o(!!!scatter)
    __scatterload_rt2                        0x080000f5   Thumb Code    44  __scatter.o(!!!scatter)
    __scatterload_rt2_thumb_only             0x080000f5   Thumb Code     0  __scatter.o(!!!scatter)
    __scatterload_null                       0x08000103   Thumb Code     0  __scatter.o(!!!scatter)
    __scatterload_copy                       0x08000129   Thumb Code    26  __scatter_copy.o(!!handler_copy)
    __scatterload_zeroinit                   0x08000145   Thumb Code    28  __scatter_zi.o(!!handler_zi)
    __rt_lib_init                            0x08000161   Thumb Code     0  libinit.o(.ARM.Collect$$libinit$$00000000)
    __rt_lib_init_alloca_1                   0x08000163   Thumb Code     0  libinit2.o(.ARM.Collect$$libinit$$0000002E)
    __rt_lib_init_argv_1                     0x08000163   Thumb Code     0  libinit2.o(.ARM.Collect$$libinit$$0000002C)
    __rt_lib_init_atexit_1                   0x08000163   Thumb Code     0  libinit2.o(.ARM.Collect$$libinit$$0000001B)
    __rt_lib_init_clock_1                    0x08000163   Thumb Code     0  libinit2.o(.ARM.Collect$$libinit$$00000021)
    __rt_lib_init_cpp_1                      0x08000163   Thumb Code     0  libinit2.o(.ARM.Collect$$libinit$$00000032)
    __rt_lib_init_exceptions_1               0x08000163   Thumb Code     0  libinit2.o(.ARM.Collect$$libinit$$00000030)
    __rt_lib_init_fp_1                       0x08000163   Thumb Code     0  libinit2.o(.ARM.Collect$$libinit$$00000002)
    __rt_lib_init_fp_trap_1                  0x08000163   Thumb Code     0  libinit2.o(.ARM.Collect$$libinit$$0000001F)
    __rt_lib_init_getenv_1                   0x08000163   Thumb Code     0  libinit2.o(.ARM.Collect$$libinit$$00000023)
    __rt_lib_init_heap_1                     0x08000163   Thumb Code     0  libinit2.o(.ARM.Collect$$libinit$$0000000A)
    __rt_lib_init_lc_collate_1               0x08000163   Thumb Code     0  libinit2.o(.ARM.Collect$$libinit$$00000011)
    __rt_lib_init_lc_ctype_1                 0x08000163   Thumb Code     0  libinit2.o(.ARM.Collect$$libinit$$00000013)
    __rt_lib_init_lc_monetary_1              0x08000163   Thumb Code     0  libinit2.o(.ARM.Collect$$libinit$$00000015)
    __rt_lib_init_lc_numeric_1               0x08000163   Thumb Code     0  libinit2.o(.ARM.Collect$$libinit$$00000017)
    __rt_lib_init_lc_time_1                  0x08000163   Thumb Code     0  libinit2.o(.ARM.Collect$$libinit$$00000019)
    __rt_lib_init_preinit_1                  0x08000163   Thumb Code     0  libinit2.o(.ARM.Collect$$libinit$$00000004)
    __rt_lib_init_rand_1                     0x08000163   Thumb Code     0  libinit2.o(.ARM.Collect$$libinit$$0000000E)
    __rt_lib_init_return                     0x08000163   Thumb Code     0  libinit2.o(.ARM.Collect$$libinit$$00000033)
    __rt_lib_init_signal_1                   0x08000163   Thumb Code     0  libinit2.o(.ARM.Collect$$libinit$$0000001D)
    __rt_lib_init_stdio_1                    0x08000163   Thumb Code     0  libinit2.o(.ARM.Collect$$libinit$$00000025)
    __rt_lib_init_user_alloc_1               0x08000163   Thumb Code     0  libinit2.o(.ARM.Collect$$libinit$$0000000C)
    __rt_lib_shutdown                        0x08000165   Thumb Code     0  libshutdown.o(.ARM.Collect$$libshutdown$$00000000)
    __rt_lib_shutdown_fp_trap_1              0x08000167   Thumb Code     0  libshutdown2.o(.ARM.Collect$$libshutdown$$00000006)
    __rt_lib_shutdown_heap_1                 0x08000167   Thumb Code     0  libshutdown2.o(.ARM.Collect$$libshutdown$$0000000E)
    __rt_lib_shutdown_return                 0x08000167   Thumb Code     0  libshutdown2.o(.ARM.Collect$$libshutdown$$0000000F)
    __rt_lib_shutdown_signal_1               0x08000167   Thumb Code     0  libshutdown2.o(.ARM.Collect$$libshutdown$$00000009)
    __rt_lib_shutdown_stdio_1                0x08000167   Thumb Code     0  libshutdown2.o(.ARM.Collect$$libshutdown$$00000003)
    __rt_lib_shutdown_user_alloc_1           0x08000167   Thumb Code     0  libshutdown2.o(.ARM.Collect$$libshutdown$$0000000B)
    __rt_entry                               0x08000169   Thumb Code     0  __rtentry.o(.ARM.Collect$$rtentry$$00000000)
    __rt_entry_presh_1                       0x08000169   Thumb Code     0  __rtentry2.o(.ARM.Collect$$rtentry$$00000002)
    __rt_entry_sh                            0x08000169   Thumb Code     0  __rtentry4.o(.ARM.Collect$$rtentry$$00000004)
    __rt_entry_li                            0x0800016f   Thumb Code     0  __rtentry2.o(.ARM.Collect$$rtentry$$0000000A)
    __rt_entry_postsh_1                      0x0800016f   Thumb Code     0  __rtentry2.o(.ARM.Collect$$rtentry$$00000009)
    __rt_entry_main                          0x08000173   Thumb Code     0  __rtentry2.o(.ARM.Collect$$rtentry$$0000000D)
    __rt_entry_postli_1                      0x08000173   Thumb Code     0  __rtentry2.o(.ARM.Collect$$rtentry$$0000000C)
    __rt_exit                                0x0800017b   Thumb Code     0  rtexit.o(.ARM.Collect$$rtexit$$00000000)
    __rt_exit_ls                             0x0800017d   Thumb Code     0  rtexit2.o(.ARM.Collect$$rtexit$$00000003)
    __rt_exit_prels_1                        0x0800017d   Thumb Code     0  rtexit2.o(.ARM.Collect$$rtexit$$00000002)
    __rt_exit_exit                           0x08000181   Thumb Code     0  rtexit2.o(.ARM.Collect$$rtexit$$00000004)
    Delay_us                                 0x08000189   Thumb Code    12  app.o(.text)
    Delay_ms                                 0x08000195   Thumb Code    26  app.o(.text)
    Delay_long                               0x080001af   Thumb Code    24  app.o(.text)
    DHT11_Set                                0x080001c7   Thumb Code    24  app.o(.text)
    DHT11_Pin_OUT                            0x080001df   Thumb Code    36  app.o(.text)
    DHT11_Pin_IN                             0x08000203   Thumb Code    36  app.o(.text)
    DHT11_Check                              0x08000227   Thumb Code    12  app.o(.text)
    DHT11_Wait                               0x08000233   Thumb Code    22  app.o(.text)
    DHT11_Read_Byte                          0x08000249   Thumb Code    72  app.o(.text)
    DHT11_Rst                                0x08000291   Thumb Code    44  app.o(.text)
    DHT11_Read_Data                          0x080002bd   Thumb Code   106  app.o(.text)
    DHT11_Humidity                           0x08000327   Thumb Code     6  app.o(.text)
    DHT11_Temperature                        0x0800032d   Thumb Code     6  app.o(.text)
    GPIO_Configuration                       0x08000333   Thumb Code    72  app.o(.text)
    digit_select                             0x0800037b   Thumb Code    90  app.o(.text)
    digit_show                               0x080003d5   Thumb Code   222  app.o(.text)
    led_show                                 0x080004b3   Thumb Code    82  app.o(.text)
    led_show_int                             0x08000505   Thumb Code    28  app.o(.text)
    LED0_task                                0x08000521   Thumb Code    72  app.o(.text)
    LED1_task                                0x08000569   Thumb Code    12  app.o(.text)
    SysTick_Handler                          0x08000575   Thumb Code    68  app.o(.text)
    main                                     0x080005b9   Thumb Code    10  app.o(.text)
    OS_StrCopy                               0x080005c5   Thumb Code    28  os_core.o(.text)
    OSEventNameGet                           0x080005e1   Thumb Code   100  os_core.o(.text)
    OS_StrLen                                0x08000645   Thumb Code    20  os_core.o(.text)
    OSEventNameSet                           0x08000659   Thumb Code   120  os_core.o(.text)
    OS_EventTaskRemoveMulti                  0x080006d1   Thumb Code    58  os_core.o(.text)
    OS_Sched                                 0x08000725   Thumb Code    86  os_core.o(.text)
    OS_EventTaskWaitMulti                    0x0800077b   Thumb Code   136  os_core.o(.text)
    OSEventPendMulti                         0x08000803   Thumb Code   634  os_core.o(.text)
    OS_TaskStatStkChk                        0x08000a7d   Thumb Code    54  os_core.o(.text)
    OS_TaskStat                              0x08000ab3   Thumb Code   114  os_core.o(.text)
    OS_TaskIdle                              0x08000b59   Thumb Code    32  os_core.o(.text)
    OS_MemClr                                0x08000bad   Thumb Code    18  os_core.o(.text)
    OSInit                                   0x08000cb5   Thumb Code    44  os_core.o(.text)
    OSIntEnter                               0x08000ce1   Thumb Code    28  os_core.o(.text)
    OSIntExit                                0x08000cfd   Thumb Code   112  os_core.o(.text)
    OSSchedLock                              0x08000d6d   Thumb Code    50  os_core.o(.text)
    OSSchedUnlock                            0x08000d9f   Thumb Code   226  os_core.o(.text)
    OSStart                                  0x08000e81   Thumb Code    48  os_core.o(.text)
    OSStatInit                               0x08000eb1   Thumb Code    62  os_core.o(.text)
    OSTimeTick                               0x08000eef   Thumb Code   210  os_core.o(.text)
    OSVersion                                0x08000fc1   Thumb Code     6  os_core.o(.text)
    OS_Dummy                                 0x08000fc7   Thumb Code     2  os_core.o(.text)
    OS_EventTaskRemove                       0x08000fc9   Thumb Code    42  os_core.o(.text)
    OS_EventTaskRdy                          0x08000ff3   Thumb Code   128  os_core.o(.text)
    OS_EventTaskWait                         0x08001073   Thumb Code   112  os_core.o(.text)
    OS_EventWaitListInit                     0x080010e3   Thumb Code    28  os_core.o(.text)
    OS_MemCopy                               0x080010ff   Thumb Code    20  os_core.o(.text)
    OS_TCBInit                               0x08001113   Thumb Code   264  os_core.o(.text)
    OSFlagAccept                             0x08001261   Thumb Code   252  os_flag.o(.text)
    OSFlagCreate                             0x0800135d   Thumb Code    92  os_flag.o(.text)
    OS_FlagUnlink                            0x080013b9   Thumb Code    36  os_flag.o(.text)
    OSFlagDel                                0x0800142f   Thumb Code   224  os_flag.o(.text)
    OSFlagNameGet                            0x0800150f   Thumb Code    82  os_flag.o(.text)
    OSFlagNameSet                            0x08001561   Thumb Code   102  os_flag.o(.text)
    OSFlagPend                               0x0800165f   Thumb Code   616  os_flag.o(.text)
    OSFlagPendGetFlagsRdy                    0x080018c7   Thumb Code    26  os_flag.o(.text)
    OSFlagPost                               0x080018e1   Thumb Code   312  os_flag.o(.text)
    OSFlagQuery                              0x08001a19   Thumb Code    48  os_flag.o(.text)
    OS_FlagInit                              0x08001a49   Thumb Code    68  os_flag.o(.text)
    OSTaskChangePrio                         0x08001a99   Thumb Code   396  os_task.o(.text)
    OSTaskCreate                             0x08001c25   Thumb Code   150  os_task.o(.text)
    OS_TaskStkClr                            0x08001cbb   Thumb Code    26  os_task.o(.text)
    OSTaskCreateExt                          0x08001cd5   Thumb Code   172  os_task.o(.text)
    OSTaskDel                                0x08001d81   Thumb Code   356  os_task.o(.text)
    OSTaskDelReq                             0x08001ee5   Thumb Code   100  os_task.o(.text)
    OSTaskNameGet                            0x08001f49   Thumb Code   116  os_task.o(.text)
    OSTaskNameSet                            0x08001fbd   Thumb Code   132  os_task.o(.text)
    OSTaskResume                             0x08002041   Thumb Code   154  os_task.o(.text)
    OSTaskStkChk                             0x080020db   Thumb Code   132  os_task.o(.text)
    OSTaskSuspend                            0x0800215f   Thumb Code   152  os_task.o(.text)
    OSTaskQuery                              0x080021f7   Thumb Code    82  os_task.o(.text)
    OSTimeDly                                0x08002265   Thumb Code    96  os_time.o(.text)
    OSTimeDlyHMSM                            0x080022c5   Thumb Code   108  os_time.o(.text)
    OSTimeDlyResume                          0x08002331   Thumb Code   168  os_time.o(.text)
    OSTimeGet                                0x080023d9   Thumb Code    24  os_time.o(.text)
    OSTimeSet                                0x080023f1   Thumb Code    24  os_time.o(.text)
    BSP_CPU_ClkFreq                          0x08002421   Thumb Code    16  bsp.o(.text)
    OS_CPU_SysTickClkFreq                    0x08002431   Thumb Code    12  bsp.o(.text)
    OS_CPU_SR_Save                           0x0800243d   Thumb Code     0  os_cpu_a.o(.text)
    OS_CPU_SR_Restore                        0x08002445   Thumb Code     0  os_cpu_a.o(.text)
    OSStartHighRdy                           0x0800244b   Thumb Code     0  os_cpu_a.o(.text)
    OSCtxSw                                  0x0800246b   Thumb Code     0  os_cpu_a.o(.text)
    OSIntCtxSw                               0x08002475   Thumb Code     0  os_cpu_a.o(.text)
    OS_CPU_PendSVHandler                     0x0800247f   Thumb Code     0  os_cpu_a.o(.text)
    OSInitHookBegin                          0x080024e1   Thumb Code     2  os_cpu_c.o(.text)
    OSInitHookEnd                            0x080024e3   Thumb Code     2  os_cpu_c.o(.text)
    OSTaskCreateHook                         0x080024e5   Thumb Code     2  os_cpu_c.o(.text)
    OSTaskDelHook                            0x080024e7   Thumb Code     2  os_cpu_c.o(.text)
    OSTaskIdleHook                           0x080024e9   Thumb Code     2  os_cpu_c.o(.text)
    OSTaskStatHook                           0x080024eb   Thumb Code     2  os_cpu_c.o(.text)
    OSTaskStkInit                            0x080024ed   Thumb Code   154  os_cpu_c.o(.text)
    OSTaskSwHook                             0x08002587   Thumb Code     2  os_cpu_c.o(.text)
    OSTCBInitHook                            0x08002589   Thumb Code     2  os_cpu_c.o(.text)
    OSTimeTickHook                           0x0800258b   Thumb Code     2  os_cpu_c.o(.text)
    OS_CPU_SysTickHandler                    0x0800258d   Thumb Code    34  os_cpu_c.o(.text)
    OS_CPU_SysTickInit                       0x080025af   Thumb Code    44  os_cpu_c.o(.text)
    OSDebugInit                              0x080025e1   Thumb Code    94  os_dbg.o(.text)
    GPIO_DeInit                              0x080026f5   Thumb Code   172  stm32f10x_gpio.o(.text)
    GPIO_AFIODeInit                          0x080027a1   Thumb Code    20  stm32f10x_gpio.o(.text)
    GPIO_Init                                0x080027b5   Thumb Code   278  stm32f10x_gpio.o(.text)
    GPIO_StructInit                          0x080028cb   Thumb Code    16  stm32f10x_gpio.o(.text)
    GPIO_ReadInputDataBit                    0x080028db   Thumb Code    18  stm32f10x_gpio.o(.text)
    GPIO_ReadInputData                       0x080028ed   Thumb Code     8  stm32f10x_gpio.o(.text)
    GPIO_ReadOutputDataBit                   0x080028f5   Thumb Code    18  stm32f10x_gpio.o(.text)
    GPIO_ReadOutputData                      0x08002907   Thumb Code     8  stm32f10x_gpio.o(.text)
    GPIO_SetBits                             0x0800290f   Thumb Code     4  stm32f10x_gpio.o(.text)
    GPIO_ResetBits                           0x08002913   Thumb Code     4  stm32f10x_gpio.o(.text)
    GPIO_WriteBit                            0x08002917   Thumb Code    10  stm32f10x_gpio.o(.text)
    GPIO_Write                               0x08002921   Thumb Code     4  stm32f10x_gpio.o(.text)
    GPIO_PinLockConfig                       0x08002925   Thumb Code    18  stm32f10x_gpio.o(.text)
    GPIO_EventOutputConfig                   0x08002937   Thumb Code    26  stm32f10x_gpio.o(.text)
    GPIO_EventOutputCmd                      0x08002951   Thumb Code     6  stm32f10x_gpio.o(.text)
    GPIO_PinRemapConfig                      0x08002957   Thumb Code   138  stm32f10x_gpio.o(.text)
    GPIO_EXTILineConfig                      0x080029e1   Thumb Code    66  stm32f10x_gpio.o(.text)
    GPIO_ETH_MediaInterfaceConfig            0x08002a23   Thumb Code     8  stm32f10x_gpio.o(.text)
    RCC_DeInit                               0x08002a51   Thumb Code    64  stm32f10x_rcc.o(.text)
    RCC_HSEConfig                            0x08002a91   Thumb Code    70  stm32f10x_rcc.o(.text)
    RCC_GetFlagStatus                        0x08002ad7   Thumb Code    56  stm32f10x_rcc.o(.text)
    RCC_WaitForHSEStartUp                    0x08002b0f   Thumb Code    56  stm32f10x_rcc.o(.text)
    RCC_AdjustHSICalibrationValue            0x08002b47   Thumb Code    20  stm32f10x_rcc.o(.text)
    RCC_HSICmd                               0x08002b5b   Thumb Code     6  stm32f10x_rcc.o(.text)
    RCC_PLLConfig                            0x08002b61   Thumb Code    24  stm32f10x_rcc.o(.text)
    RCC_PLLCmd                               0x08002b79   Thumb Code     6  stm32f10x_rcc.o(.text)
    RCC_SYSCLKConfig                         0x08002b7f   Thumb Code    18  stm32f10x_rcc.o(.text)
    RCC_GetSYSCLKSource                      0x08002b91   Thumb Code    10  stm32f10x_rcc.o(.text)
    RCC_HCLKConfig                           0x08002b9b   Thumb Code    18  stm32f10x_rcc.o(.text)
    RCC_PCLK1Config                          0x08002bad   Thumb Code    18  stm32f10x_rcc.o(.text)
    RCC_PCLK2Config                          0x08002bbf   Thumb Code    20  stm32f10x_rcc.o(.text)
    RCC_ITConfig                             0x08002bd3   Thumb Code    26  stm32f10x_rcc.o(.text)
    RCC_USBCLKConfig                         0x08002bed   Thumb Code     8  stm32f10x_rcc.o(.text)
    RCC_ADCCLKConfig                         0x08002bf5   Thumb Code    18  stm32f10x_rcc.o(.text)
    RCC_LSEConfig                            0x08002c07   Thumb Code    50  stm32f10x_rcc.o(.text)
    RCC_LSICmd                               0x08002c39   Thumb Code     6  stm32f10x_rcc.o(.text)
    RCC_RTCCLKConfig                         0x08002c3f   Thumb Code    12  stm32f10x_rcc.o(.text)
    RCC_RTCCLKCmd                            0x08002c4b   Thumb Code     8  stm32f10x_rcc.o(.text)
    RCC_GetClocksFreq                        0x08002c53   Thumb Code   192  stm32f10x_rcc.o(.text)
    RCC_AHBPeriphClockCmd                    0x08002d13   Thumb Code    26  stm32f10x_rcc.o(.text)
    RCC_APB2PeriphClockCmd                   0x08002d2d   Thumb Code    26  stm32f10x_rcc.o(.text)
    RCC_APB1PeriphClockCmd                   0x08002d47   Thumb Code    26  stm32f10x_rcc.o(.text)
    RCC_APB2PeriphResetCmd                   0x08002d61   Thumb Code    26  stm32f10x_rcc.o(.text)
    RCC_APB1PeriphResetCmd                   0x08002d7b   Thumb Code    26  stm32f10x_rcc.o(.text)
    RCC_BackupResetCmd                       0x08002d95   Thumb Code     8  stm32f10x_rcc.o(.text)
    RCC_ClockSecuritySystemCmd               0x08002d9d   Thumb Code     6  stm32f10x_rcc.o(.text)
    RCC_MCOConfig                            0x08002da3   Thumb Code     6  stm32f10x_rcc.o(.text)
    RCC_ClearFlag                            0x08002da9   Thumb Code    14  stm32f10x_rcc.o(.text)
    RCC_GetITStatus                          0x08002db7   Thumb Code    20  stm32f10x_rcc.o(.text)
    RCC_ClearITPendingBit                    0x08002dcb   Thumb Code     6  stm32f10x_rcc.o(.text)
    Reset_Handler                            0x08002df5   Thumb Code     8  startup_stm32f10x_md.o(.text)
    NMI_Handler                              0x08002dfd   Thumb Code     2  startup_stm32f10x_md.o(.text)
    HardFault_Handler                        0x08002dff   Thumb Code     2  startup_stm32f10x_md.o(.text)
    MemManage_Handler                        0x08002e01   Thumb Code     2  startup_stm32f10x_md.o(.text)
    BusFault_Handler                         0x08002e03   Thumb Code     2  startup_stm32f10x_md.o(.text)
    UsageFault_Handler                       0x08002e05   Thumb Code     2  startup_stm32f10x_md.o(.text)
    SVC_Handler                              0x08002e07   Thumb Code     2  startup_stm32f10x_md.o(.text)
    DebugMon_Handler                         0x08002e09   Thumb Code     2  startup_stm32f10x_md.o(.text)
    PendSV_Handler                           0x08002e0b   Thumb Code     2  startup_stm32f10x_md.o(.text)
    ADC1_2_IRQHandler                        0x08002e0f   Thumb Code     0  startup_stm32f10x_md.o(.text)
    CAN1_RX1_IRQHandler                      0x08002e0f   Thumb Code     0  startup_stm32f10x_md.o(.text)
    CAN1_SCE_IRQHandler                      0x08002e0f   Thumb Code     0  startup_stm32f10x_md.o(.text)
    DMA1_Channel1_IRQHandler                 0x08002e0f   Thumb Code     0  startup_stm32f10x_md.o(.text)
    DMA1_Channel2_IRQHandler                 0x08002e0f   Thumb Code     0  startup_stm32f10x_md.o(.text)
    DMA1_Channel3_IRQHandler                 0x08002e0f   Thumb Code     0  startup_stm32f10x_md.o(.text)
    DMA1_Channel4_IRQHandler                 0x08002e0f   Thumb Code     0  startup_stm32f10x_md.o(.text)
    DMA1_Channel5_IRQHandler                 0x08002e0f   Thumb Code     0  startup_stm32f10x_md.o(.text)
    DMA1_Channel6_IRQHandler                 0x08002e0f   Thumb Code     0  startup_stm32f10x_md.o(.text)
    DMA1_Channel7_IRQHandler                 0x08002e0f   Thumb Code     0  startup_stm32f10x_md.o(.text)
    EXTI0_IRQHandler                         0x08002e0f   Thumb Code     0  startup_stm32f10x_md.o(.text)
    EXTI15_10_IRQHandler                     0x08002e0f   Thumb Code     0  startup_stm32f10x_md.o(.text)
    EXTI1_IRQHandler                         0x08002e0f   Thumb Code     0  startup_stm32f10x_md.o(.text)
    EXTI2_IRQHandler                         0x08002e0f   Thumb Code     0  startup_stm32f10x_md.o(.text)
    EXTI3_IRQHandler                         0x08002e0f   Thumb Code     0  startup_stm32f10x_md.o(.text)
    EXTI4_IRQHandler                         0x08002e0f   Thumb Code     0  startup_stm32f10x_md.o(.text)
    EXTI9_5_IRQHandler                       0x08002e0f   Thumb Code     0  startup_stm32f10x_md.o(.text)
    FLASH_IRQHandler                         0x08002e0f   Thumb Code     0  startup_stm32f10x_md.o(.text)
    I2C1_ER_IRQHandler                       0x08002e0f   Thumb Code     0  startup_stm32f10x_md.o(.text)
    I2C1_EV_IRQHandler                       0x08002e0f   Thumb Code     0  startup_stm32f10x_md.o(.text)
    I2C2_ER_IRQHandler                       0x08002e0f   Thumb Code     0  startup_stm32f10x_md.o(.text)
    I2C2_EV_IRQHandler                       0x08002e0f   Thumb Code     0  startup_stm32f10x_md.o(.text)
    PVD_IRQHandler                           0x08002e0f   Thumb Code     0  startup_stm32f10x_md.o(.text)
    RCC_IRQHandler                           0x08002e0f   Thumb Code     0  startup_stm32f10x_md.o(.text)
    RTCAlarm_IRQHandler                      0x08002e0f   Thumb Code     0  startup_stm32f10x_md.o(.text)
    RTC_IRQHandler                           0x08002e0f   Thumb Code     0  startup_stm32f10x_md.o(.text)
    SPI1_IRQHandler                          0x08002e0f   Thumb Code     0  startup_stm32f10x_md.o(.text)
    SPI2_IRQHandler                          0x08002e0f   Thumb Code     0  startup_stm32f10x_md.o(.text)
    TAMPER_IRQHandler                        0x08002e0f   Thumb Code     0  startup_stm32f10x_md.o(.text)
    TIM1_BRK_IRQHandler                      0x08002e0f   Thumb Code     0  startup_stm32f10x_md.o(.text)
    TIM1_CC_IRQHandler                       0x08002e0f   Thumb Code     0  startup_stm32f10x_md.o(.text)
    TIM1_TRG_COM_IRQHandler                  0x08002e0f   Thumb Code     0  startup_stm32f10x_md.o(.text)
    TIM1_UP_IRQHandler                       0x08002e0f   Thumb Code     0  startup_stm32f10x_md.o(.text)
    TIM2_IRQHandler                          0x08002e0f   Thumb Code     0  startup_stm32f10x_md.o(.text)
    TIM3_IRQHandler                          0x08002e0f   Thumb Code     0  startup_stm32f10x_md.o(.text)
    TIM4_IRQHandler                          0x08002e0f   Thumb Code     0  startup_stm32f10x_md.o(.text)
    USART1_IRQHandler                        0x08002e0f   Thumb Code     0  startup_stm32f10x_md.o(.text)
    USART2_IRQHandler                        0x08002e0f   Thumb Code     0  startup_stm32f10x_md.o(.text)
    USART3_IRQHandler                        0x08002e0f   Thumb Code     0  startup_stm32f10x_md.o(.text)
    USBWakeUp_IRQHandler                     0x08002e0f   Thumb Code     0  startup_stm32f10x_md.o(.text)
    USB_HP_CAN1_TX_IRQHandler                0x08002e0f   Thumb Code     0  startup_stm32f10x_md.o(.text)
    USB_LP_CAN1_RX0_IRQHandler               0x08002e0f   Thumb Code     0  startup_stm32f10x_md.o(.text)
    WWDG_IRQHandler                          0x08002e0f   Thumb Code     0  startup_stm32f10x_md.o(.text)
    __user_initial_stackheap                 0x08002e11   Thumb Code     0  startup_stm32f10x_md.o(.text)
    SystemInit                               0x08002f13   Thumb Code    78  system_stm32f10x.o(.text)
    SystemCoreClockUpdate                    0x08002f61   Thumb Code   142  system_stm32f10x.o(.text)
    __use_two_region_memory                  0x08003015   Thumb Code     2  heapauxi.o(.text)
    __rt_heap_escrow$2region                 0x08003017   Thumb Code     2  heapauxi.o(.text)
    __rt_heap_expand$2region                 0x08003019   Thumb Code     2  heapauxi.o(.text)
    __user_setup_stackheap                   0x0800301b   Thumb Code    74  sys_stackheap_outer.o(.text)
    exit                                     0x08003065   Thumb Code    12  exit.o(.text)
    __user_libspace                          0x08003071   Thumb Code     8  libspace.o(.text)
    __user_perproc_libspace                  0x08003071   Thumb Code     0  libspace.o(.text)
    __user_perthread_libspace                0x08003071   Thumb Code     0  libspace.o(.text)
    _sys_exit                                0x08003079   Thumb Code     8  sys_exit.o(.text)
    __I$use$semihosting                      0x08003085   Thumb Code     0  use_no_semi.o(.text)
    __use_no_semihosting_swi                 0x08003085   Thumb Code     2  use_no_semi.o(.text)
    OSUnMapTbl                               0x08003086   Data         256  os_core.o(.constdata)
    __semihosting_library_function           0x08003087   Thumb Code     0  indicate_semi.o(.text)
    OSDebugEn                                0x08003188   Data           2  os_dbg.o(.constdata)
    OSEndiannessTest                         0x0800318c   Data           4  os_dbg.o(.constdata)
    OSEventMax                               0x08003190   Data           2  os_dbg.o(.constdata)
    OSEventNameSize                          0x08003192   Data           2  os_dbg.o(.constdata)
    OSEventEn                                0x08003194   Data           2  os_dbg.o(.constdata)
    OSEventSize                              0x08003196   Data           2  os_dbg.o(.constdata)
    OSEventTblSize                           0x08003198   Data           2  os_dbg.o(.constdata)
    OSFlagEn                                 0x0800319a   Data           2  os_dbg.o(.constdata)
    OSFlagGrpSize                            0x0800319c   Data           2  os_dbg.o(.constdata)
    OSFlagNodeSize                           0x0800319e   Data           2  os_dbg.o(.constdata)
    OSFlagWidth                              0x080031a0   Data           2  os_dbg.o(.constdata)
    OSFlagMax                                0x080031a2   Data           2  os_dbg.o(.constdata)
    OSFlagNameSize                           0x080031a4   Data           2  os_dbg.o(.constdata)
    OSLowestPrio                             0x080031a6   Data           2  os_dbg.o(.constdata)
    OSMboxEn                                 0x080031a8   Data           2  os_dbg.o(.constdata)
    OSMemEn                                  0x080031aa   Data           2  os_dbg.o(.constdata)
    OSMemMax                                 0x080031ac   Data           2  os_dbg.o(.constdata)
    OSMemNameSize                            0x080031ae   Data           2  os_dbg.o(.constdata)
    OSMemSize                                0x080031b0   Data           2  os_dbg.o(.constdata)
    OSMemTblSize                             0x080031b2   Data           2  os_dbg.o(.constdata)
    OSMutexEn                                0x080031b4   Data           2  os_dbg.o(.constdata)
    OSPtrSize                                0x080031b6   Data           2  os_dbg.o(.constdata)
    OSQEn                                    0x080031b8   Data           2  os_dbg.o(.constdata)
    OSQMax                                   0x080031ba   Data           2  os_dbg.o(.constdata)
    OSQSize                                  0x080031bc   Data           2  os_dbg.o(.constdata)
    OSRdyTblSize                             0x080031be   Data           2  os_dbg.o(.constdata)
    OSSemEn                                  0x080031c0   Data           2  os_dbg.o(.constdata)
    OSStkWidth                               0x080031c2   Data           2  os_dbg.o(.constdata)
    OSTaskCreateEn                           0x080031c4   Data           2  os_dbg.o(.constdata)
    OSTaskCreateExtEn                        0x080031c6   Data           2  os_dbg.o(.constdata)
    OSTaskDelEn                              0x080031c8   Data           2  os_dbg.o(.constdata)
    OSTaskIdleStkSize                        0x080031ca   Data           2  os_dbg.o(.constdata)
    OSTaskProfileEn                          0x080031cc   Data           2  os_dbg.o(.constdata)
    OSTaskMax                                0x080031ce   Data           2  os_dbg.o(.constdata)
    OSTaskNameSize                           0x080031d0   Data           2  os_dbg.o(.constdata)
    OSTaskStatEn                             0x080031d2   Data           2  os_dbg.o(.constdata)
    OSTaskStatStkSize                        0x080031d4   Data           2  os_dbg.o(.constdata)
    OSTaskStatStkChkEn                       0x080031d6   Data           2  os_dbg.o(.constdata)
    OSTaskSwHookEn                           0x080031d8   Data           2  os_dbg.o(.constdata)
    OSTCBPrioTblMax                          0x080031da   Data           2  os_dbg.o(.constdata)
    OSTCBSize                                0x080031dc   Data           2  os_dbg.o(.constdata)
    OSTicksPerSec                            0x080031de   Data           2  os_dbg.o(.constdata)
    OSTimeTickHookEn                         0x080031e0   Data           2  os_dbg.o(.constdata)
    OSVersionNbr                             0x080031e2   Data           2  os_dbg.o(.constdata)
    OSDataSize                               0x080031e4   Data           2  os_dbg.o(.constdata)
    Region$$Table$$Base                      0x080031e8   Number         0  anon$$obj.o(Region$$Table)
    Region$$Table$$Limit                     0x08003208   Number         0  anon$$obj.o(Region$$Table)
    val                                      0x20000000   Data           4  app.o(.data)
    ledValue                                 0x20000004   Data           4  app.o(.data)
    cpu_sr                                   0x20000008   Data           4  app.o(.data)
    OSCtxSwCtr                               0x20000010   Data           4  os_core.o(.data)
    OSEventFreeList                          0x20000014   Data           4  os_core.o(.data)
    OSFlagFreeList                           0x20000018   Data           4  os_core.o(.data)
    OSCPUUsage                               0x2000001c   Data           1  os_core.o(.data)
    OSIdleCtrMax                             0x20000020   Data           4  os_core.o(.data)
    OSIdleCtrRun                             0x20000024   Data           4  os_core.o(.data)
    OSStatRdy                                0x20000028   Data           1  os_core.o(.data)
    OSIntNesting                             0x20000029   Data           1  os_core.o(.data)
    OSLockNesting                            0x2000002a   Data           1  os_core.o(.data)
    OSPrioCur                                0x2000002b   Data           1  os_core.o(.data)
    OSPrioHighRdy                            0x2000002c   Data           1  os_core.o(.data)
    OSRdyGrp                                 0x2000002d   Data           1  os_core.o(.data)
    OSRdyTbl                                 0x2000002e   Data           4  os_core.o(.data)
    OSRunning                                0x20000032   Data           1  os_core.o(.data)
    OSTaskCtr                                0x20000033   Data           1  os_core.o(.data)
    OSIdleCtr                                0x20000034   Data           4  os_core.o(.data)
    OSTCBCur                                 0x20000038   Data           4  os_core.o(.data)
    OSTCBFreeList                            0x2000003c   Data           4  os_core.o(.data)
    OSTCBHighRdy                             0x20000040   Data           4  os_core.o(.data)
    OSTCBList                                0x20000044   Data           4  os_core.o(.data)
    OSTickStepState                          0x20000048   Data           1  os_core.o(.data)
    OSTime                                   0x2000004c   Data           4  os_core.o(.data)
    SystemCoreClock                          0x20000064   Data           4  system_stm32f10x.o(.data)
    AHBPrescTable                            0x20000068   Data          16  system_stm32f10x.o(.data)
    OSEventTbl                               0x20000078   Data         320  os_core.o(.bss)
    OSFlagTbl                                0x200001b8   Data         140  os_core.o(.bss)
    OSTaskStatStk                            0x20000244   Data         512  os_core.o(.bss)
    OSTaskIdleStk                            0x20000444   Data         512  os_core.o(.bss)
    OSTCBPrioTbl                             0x20000644   Data         128  os_core.o(.bss)
    OSTCBTbl                                 0x200006c4   Data        2024  os_core.o(.bss)
    __libspace_start                         0x20000eac   Data          96  libspace.o(.bss)
    __temporary_stack_top$libspace           0x20000f0c   Data           0  libspace.o(.bss)



==============================================================================

Memory Map of the image

  Image Entry point : 0x08002df5

  Load Region LR_1 (Base: 0x08000000, Size: 0x00003280, Max: 0xffffffff, ABSOLUTE)

    Execution Region ER_RO (Base: 0x08000000, Size: 0x00003208, Max: 0xffffffff, ABSOLUTE)

    Base Addr    Size         Type   Attr      Idx    E Section Name        Object

    0x08000000   0x000000ec   Data   RO          387    RESET               startup_stm32f10x_md.o
    0x080000ec   0x00000008   Code   RO          426  * !!!main             c_w.l(__main.o)
    0x080000f4   0x00000034   Code   RO          582    !!!scatter          c_w.l(__scatter.o)
    0x08000128   0x0000001a   Code   RO          584    !!handler_copy      c_w.l(__scatter_copy.o)
    0x08000142   0x00000002   PAD
    0x08000144   0x0000001c   Code   RO          586    !!handler_zi        c_w.l(__scatter_zi.o)
    0x08000160   0x00000002   Code   RO          453    .ARM.Collect$$libinit$$00000000  c_w.l(libinit.o)
    0x08000162   0x00000000   Code   RO          460    .ARM.Collect$$libinit$$00000002  c_w.l(libinit2.o)
    0x08000162   0x00000000   Code   RO          462    .ARM.Collect$$libinit$$00000004  c_w.l(libinit2.o)
    0x08000162   0x00000000   Code   RO          465    .ARM.Collect$$libinit$$0000000A  c_w.l(libinit2.o)
    0x08000162   0x00000000   Code   RO          467    .ARM.Collect$$libinit$$0000000C  c_w.l(libinit2.o)
    0x08000162   0x00000000   Code   RO          469    .ARM.Collect$$libinit$$0000000E  c_w.l(libinit2.o)
    0x08000162   0x00000000   Code   RO          472    .ARM.Collect$$libinit$$00000011  c_w.l(libinit2.o)
    0x08000162   0x00000000   Code   RO          474    .ARM.Collect$$libinit$$00000013  c_w.l(libinit2.o)
    0x08000162   0x00000000   Code   RO          476    .ARM.Collect$$libinit$$00000015  c_w.l(libinit2.o)
    0x08000162   0x00000000   Code   RO          478    .ARM.Collect$$libinit$$00000017  c_w.l(libinit2.o)
    0x08000162   0x00000000   Code   RO          480    .ARM.Collect$$libinit$$00000019  c_w.l(libinit2.o)
    0x08000162   0x00000000   Code   RO          482    .ARM.Collect$$libinit$$0000001B  c_w.l(libinit2.o)
    0x08000162   0x00000000   Code   RO          484    .ARM.Collect$$libinit$$0000001D  c_w.l(libinit2.o)
    0x08000162   0x00000000   Code   RO          486    .ARM.Collect$$libinit$$0000001F  c_w.l(libinit2.o)
    0x08000162   0x00000000   Code   RO          488    .ARM.Collect$$libinit$$00000021  c_w.l(libinit2.o)
    0x08000162   0x00000000   Code   RO          490    .ARM.Collect$$libinit$$00000023  c_w.l(libinit2.o)
    0x08000162   0x00000000   Code   RO          492    .ARM.Collect$$libinit$$00000025  c_w.l(libinit2.o)
    0x08000162   0x00000000   Code   RO          496    .ARM.Collect$$libinit$$0000002C  c_w.l(libinit2.o)
    0x08000162   0x00000000   Code   RO          498    .ARM.Collect$$libinit$$0000002E  c_w.l(libinit2.o)
    0x08000162   0x00000000   Code   RO          500    .ARM.Collect$$libinit$$00000030  c_w.l(libinit2.o)
    0x08000162   0x00000000   Code   RO          502    .ARM.Collect$$libinit$$00000032  c_w.l(libinit2.o)
    0x08000162   0x00000002   Code   RO          503    .ARM.Collect$$libinit$$00000033  c_w.l(libinit2.o)
    0x08000164   0x00000002   Code   RO          523    .ARM.Collect$$libshutdown$$00000000  c_w.l(libshutdown.o)
    0x08000166   0x00000000   Code   RO          537    .ARM.Collect$$libshutdown$$00000003  c_w.l(libshutdown2.o)
    0x08000166   0x00000000   Code   RO          540    .ARM.Collect$$libshutdown$$00000006  c_w.l(libshutdown2.o)
    0x08000166   0x00000000   Code   RO          543    .ARM.Collect$$libshutdown$$00000009  c_w.l(libshutdown2.o)
    0x08000166   0x00000000   Code   RO          545    .ARM.Collect$$libshutdown$$0000000B  c_w.l(libshutdown2.o)
    0x08000166   0x00000000   Code   RO          548    .ARM.Collect$$libshutdown$$0000000E  c_w.l(libshutdown2.o)
    0x08000166   0x00000002   Code   RO          549    .ARM.Collect$$libshutdown$$0000000F  c_w.l(libshutdown2.o)
    0x08000168   0x00000000   Code   RO          428    .ARM.Collect$$rtentry$$00000000  c_w.l(__rtentry.o)
    0x08000168   0x00000000   Code   RO          430    .ARM.Collect$$rtentry$$00000002  c_w.l(__rtentry2.o)
    0x08000168   0x00000006   Code   RO          442    .ARM.Collect$$rtentry$$00000004  c_w.l(__rtentry4.o)
    0x0800016e   0x00000000   Code   RO          432    .ARM.Collect$$rtentry$$00000009  c_w.l(__rtentry2.o)
    0x0800016e   0x00000004   Code   RO          433    .ARM.Collect$$rtentry$$0000000A  c_w.l(__rtentry2.o)
    0x08000172   0x00000000   Code   RO          435    .ARM.Collect$$rtentry$$0000000C  c_w.l(__rtentry2.o)
    0x08000172   0x00000008   Code   RO          436    .ARM.Collect$$rtentry$$0000000D  c_w.l(__rtentry2.o)
    0x0800017a   0x00000002   Code   RO          457    .ARM.Collect$$rtexit$$00000000  c_w.l(rtexit.o)
    0x0800017c   0x00000000   Code   RO          505    .ARM.Collect$$rtexit$$00000002  c_w.l(rtexit2.o)
    0x0800017c   0x00000004   Code   RO          506    .ARM.Collect$$rtexit$$00000003  c_w.l(rtexit2.o)
    0x08000180   0x00000006   Code   RO          507    .ARM.Collect$$rtexit$$00000004  c_w.l(rtexit2.o)
    0x08000186   0x00000002   PAD
    0x08000188   0x0000043a   Code   RO            4    .text               app.o
    0x080005c2   0x00000002   PAD
    0x080005c4   0x00000c9c   Code   RO          124    .text               os_core.o
    0x08001260   0x00000838   Code   RO          144    .text               os_flag.o
    0x08001a98   0x000007cc   Code   RO          198    .text               os_task.o
    0x08002264   0x000001bc   Code   RO          210    .text               os_time.o
    0x08002420   0x0000001c   Code   RO          231    .text               bsp.o
    0x0800243c   0x000000a4   Code   RO          274    .text               os_cpu_a.o
    0x080024e0   0x00000100   Code   RO          277    .text               os_cpu_c.o
    0x080025e0   0x00000114   Code   RO          296    .text               os_dbg.o
    0x080026f4   0x0000035c   Code   RO          338    .text               stm32f10x_gpio.o
    0x08002a50   0x000003a4   Code   RO          362    .text               stm32f10x_rcc.o
    0x08002df4   0x00000040   Code   RO          388  * .text               startup_stm32f10x_md.o
    0x08002e34   0x000001e0   Code   RO          395    .text               system_stm32f10x.o
    0x08003014   0x00000006   Code   RO          424    .text               c_w.l(heapauxi.o)
    0x0800301a   0x0000004a   Code   RO          444    .text               c_w.l(sys_stackheap_outer.o)
    0x08003064   0x0000000c   Code   RO          446    .text               c_w.l(exit.o)
    0x08003070   0x00000008   Code   RO          454    .text               c_w.l(libspace.o)
    0x08003078   0x0000000c   Code   RO          515    .text               c_w.l(sys_exit.o)
    0x08003084   0x00000002   Code   RO          526    .text               c_w.l(use_no_semi.o)
    0x08003086   0x00000000   Code   RO          528    .text               c_w.l(indicate_semi.o)
    0x08003086   0x00000100   Data   RO          126    .constdata          os_core.o
    0x08003186   0x00000002   PAD
    0x08003188   0x0000005e   Data   RO          297    .constdata          os_dbg.o
    0x080031e6   0x00000002   PAD
    0x080031e8   0x00000020   Data   RO          580    Region$$Table       anon$$obj.o


    Execution Region ER_RW (Base: 0x20000000, Size: 0x00000078, Max: 0xffffffff, ABSOLUTE)

    Base Addr    Size         Type   Attr      Idx    E Section Name        Object

    0x20000000   0x00000010   Data   RW            6    .data               app.o
    0x20000010   0x00000040   Data   RW          127    .data               os_core.o
    0x20000050   0x00000014   Data   RW          363    .data               stm32f10x_rcc.o
    0x20000064   0x00000014   Data   RW          396    .data               system_stm32f10x.o


    Execution Region ER_ZI (Base: 0x20000078, Size: 0x00001498, Max: 0xffffffff, ABSOLUTE)

    Base Addr    Size         Type   Attr      Idx    E Section Name        Object

    0x20000078   0x00000e34   Zero   RW          125    .bss                os_core.o
    0x20000eac   0x00000060   Zero   RW          455    .bss                c_w.l(libspace.o)
    0x20000f0c   0x00000004   PAD
    0x20000f10   0x00000200   Zero   RW          386    HEAP                startup_stm32f10x_md.o
    0x20001110   0x00000400   Zero   RW          385    STACK               startup_stm32f10x_md.o


==============================================================================

Image component sizes


      Code (inc. data)   RO Data    RW Data    ZI Data      Debug   Object Name

      1082         44          0         16          0     245876   app.o
        28          0          0          0          0        656   bsp.o
      3228        262        256         64       3636      18544   os_core.o
       164         32          0          0          0        288   os_cpu_a.o
       256          6          0          0          0      11963   os_cpu_c.o
       276        182         94          0          0       2781   os_dbg.o
      2104         38          0          0          0       6732   os_flag.o
      1996         66          0          0          0       6741   os_task.o
       444         24          0          0          0       1778   os_time.o
        64         26        236          0       1536        812   startup_stm32f10x_md.o
       860         38          0          0          0       5753   stm32f10x_gpio.o
       932         36          0         20          0       8904   stm32f10x_rcc.o
       480         38          0         20          0       1863   system_stm32f10x.o

    ----------------------------------------------------------------------
     11916        792        622        120       5172     312691   Object Totals
         0          0         32          0          0          0   (incl. Generated)
         2          0          4          0          0          0   (incl. Padding)

    ----------------------------------------------------------------------

      Code (inc. data)   RO Data    RW Data    ZI Data      Debug   Library Member Name

         8          0          0          0          0         68   __main.o
         0          0          0          0          0          0   __rtentry.o
        12          0          0          0          0          0   __rtentry2.o
         6          0          0          0          0          0   __rtentry4.o
        52          8          0          0          0          0   __scatter.o
        26          0          0          0          0          0   __scatter_copy.o
        28          0          0          0          0          0   __scatter_zi.o
        12          0          0          0          0         72   exit.o
         6          0          0          0          0        152   heapauxi.o
         0          0          0          0          0          0   indicate_semi.o
         2          0          0          0          0          0   libinit.o
         2          0          0          0          0          0   libinit2.o
         2          0          0          0          0          0   libshutdown.o
         2          0          0          0          0          0   libshutdown2.o
         8          4          0          0         96         68   libspace.o
         2          0          0          0          0          0   rtexit.o
        10          0          0          0          0          0   rtexit2.o
        12          4          0          0          0         68   sys_exit.o
        74          0          0          0          0         80   sys_stackheap_outer.o
         2          0          0          0          0         68   use_no_semi.o

    ----------------------------------------------------------------------
       270         16          0          0        100        576   Library Totals
         4          0          0          0          4          0   (incl. Padding)

    ----------------------------------------------------------------------

      Code (inc. data)   RO Data    RW Data    ZI Data      Debug   Library Name

       266         16          0          0         96        576   c_w.l

    ----------------------------------------------------------------------
       270         16          0          0        100        576   Library Totals

    ----------------------------------------------------------------------

==============================================================================


      Code (inc. data)   RO Data    RW Data    ZI Data      Debug   

     12186        808        622        120       5272     312067   Grand Totals
     12186        808        622        120       5272     312067   ELF Image Totals
     12186        808        622        120          0          0   ROM Totals

==============================================================================

    Total RO  Size (Code + RO Data)                12808 (  12.51kB)
    Total RW  Size (RW Data + ZI Data)              5392 (   5.27kB)
    Total ROM Size (Code + RO Data + RW Data)      12928 (  12.63kB)

==============================================================================

